
> classified-frontend@1.0.0 build
> vite build

[36mvite v4.5.14 [32mbuilding for production...[36m[39m
transforming...
[32mΓ£ô[39m 18 modules transformed.
[32mΓ£ô built in 178ms[39m
node.exe : [31m[vite:esbuild] Transform failed with 1 error:
At C:\Program Files\nodejs\npm.ps1:29 char:3
+   & $NODE_EXE $NPM_CLI_JS $args
+   ~~~~~~~~~~~~~~~~~~~~~~~~~~~~~
    + CategoryInfo          : NotSpecified: ([31m[vite:esbu...d with 1 error::String) [], RemoteException
    + FullyQualifiedErrorId : NativeCommandError
 
D:/Campaign-Star/frontend/src/pages/Home.jsx:1128:19: ERROR: Expected "}" but found "."[39m
file: [36mD:/Campaign-Star/frontend/src/pages/Home.jsx:1128:19[39m
[33m
[33mExpected "}" but found "."[33m
1126|  
1127|            {/* Selected Districts Display */
1128|            {district.length > 0 && (
   |                     ^
1129|              <div style={{ padding: '0 20px 12px 20px' }}>
1130|                <div style={{ 
[39m
[31merror during build:
Error: Transform failed with 1 error:
D:/Campaign-Star/frontend/src/pages/Home.jsx:1128:19: ERROR: Expected "}" but found "."
    at failureErrorWithLog (D:\Campaign-Star\frontend\node_modules\esbuild\lib\main.js:1649:15)
    at D:\Campaign-Star\frontend\node_modules\esbuild\lib\main.js:847:29
    at responseCallbacks.<computed> (D:\Campaign-Star\frontend\node_modules\esbuild\lib\main.js:703:9)
    at handleIncomingPacket (D:\Campaign-Star\frontend\node_modules\esbuild\lib\main.js:762:9)
    at Socket.readFromStdout (D:\Campaign-Star\frontend\node_modules\esbuild\lib\main.js:679:7)
    at Socket.emit (node:events:518:28)
    at addChunk (node:internal/streams/readable:561:12)
    at readableAddChunkPushByteMode (node:internal/streams/readable:512:3)
    at Readable.push (node:internal/streams/readable:392:5)
    at Pipe.onStreamRead (node:internal/stream_base_commons:189:23)[39m
